config file: cycle.conf can not be loaded: cycle/cycle1.conf:2: max inclusion depth reached [
]
