adjusting ipsec.d to XX
Starting Pluto (Openswan Version VERSION
LEAK_DETECTIVE support [disabled]
OCF support for IKE [disabled]
SAref support [disabled]: Protocol not available
SAbind support [disabled]: Protocol not available
NSS support [disabled]
HAVE_STATSD notification support not compiled in
Setting NAT-Traversal port-4500 floating to off
   port floating activation criteria nat_t=0/port_float=1
   NAT-Traversal support  [disabled]
ike_alg_register_enc(): Activating OAKLEY_AES_CBC: Ok (ret=0)
ike_alg_register_hash(): Activating OAKLEY_SHA2_512: Ok (ret=0)
ike_alg_register_hash(): Activating OAKLEY_SHA2_256: Ok (ret=0)
starting up X cryptographic helpers
Using 'no_kernel' interface code on
loaded key: 1510 7B44 E8A8 49E1 0BB1 7826 9481 A38A 90D7 C462
loaded key: A9AA 8D65 3DB6 D939 2943 917B F17C 2031 68AD BCB3
use keyid: 1:1510 7B44 E8A8 49E1 0BB1 7826 9481 A38A 90D7 C462 / 2:<>
use keyid: 1:A9AA 8D65 3DB6 D939 2943 917B F17C 2031 68AD BCB3 / 2:<>
adding connection: "big-key-green"
loaded key: 9022 ACBE C280 7AE8 EA58 661E 7D96 BC78 993A 48EA
loaded key: 170D 1236 8159 D8A8 A3B7 E5F7 240E E4E7 7502 4051
use keyid: 1:9022 ACBE C280 7AE8 EA58 661E 7D96 BC78 993A 48EA / 2:<>
use keyid: 1:170D 1236 8159 D8A8 A3B7 E5F7 240E E4E7 7502 4051 / 2:<>
adding connection: "berri-vzhost-mondev-v6/1x0"
loaded key: 9022 ACBE C280 7AE8 EA58 661E 7D96 BC78 993A 48EA
loaded key: 170D 1236 8159 D8A8 A3B7 E5F7 240E E4E7 7502 4051
use keyid: 1:9022 ACBE C280 7AE8 EA58 661E 7D96 BC78 993A 48EA / 2:<>
use keyid: 1:170D 1236 8159 D8A8 A3B7 E5F7 240E E4E7 7502 4051 / 2:<>
adding connection: "berri-vzhost-mondev-v6/2x0"
listening for IKE messages
no public interfaces found
loading secrets from "../../unit/libopenswan/lo02-verifysigs/key-4096.secrets"
loaded private key for keyid: PPK_RSA:AQPRudGr2/1510 7B44 E8A8 49E1 0BB1 7826 9481 A38A 90D7 C462
forgetting secrets
"berri-vzhost-mondev-v6/2x0": deleting connection
"berri-vzhost-mondev-v6/1x0": deleting connection
"big-key-green": deleting connection
pluto_crypto_helper: helper [nonnss] (X) is exiting normally 
