opening file: ../../unit/libpluto/samples/moon.conf
#conn net-net loaded

version 2.0

config setup
	nat_traversal=no
	virtual_private=%v4:10.0.0.0/8,%v4:192.168.0.0/16,%v4:172.16.0.0/12,%v4:25.0.0.0/8,%v6:fd00::/8,%v6:fe80::/10


# begin conn net-net
conn net-net
	left=192.168.0.1
	leftid="@moon.strongswan.org"
	leftsubnet=fec1::/16
	leftcert=moonCert.pem
	right=192.168.0.2
	rightid="@sun.strongswan.org"
	rightsubnet=fec2::/16
	salifetime=1200
	rekeymargin=180
	keyingtries=1
	ikelifetime=3600
	auto=add
	type=tunnel
	compress=no
	pfs=yes
	rekey=yes
	overlapip=no
	authby=rsasig
	phase2=esp
	ikev2=insist
# end conn net-net

# end of config
