adjusting ipsec.d to XX
adjusting ipsec.d to XX
Starting Pluto (Openswan Version VERSION
LEAK_DETECTIVE support [disabled]
OCF support for IKE [disabled]
SAref support [disabled]: Protocol not available
SAbind support [disabled]: Protocol not available
HAVE_STATSD notification support not compiled in
Setting NAT-Traversal port-4500 floating to off
   port floating activation criteria nat_t=0/port_float=1
   NAT-Traversal support  [disabled]
ike_alg_register_enc(): Activating OAKLEY_AES_CBC: Ok (ret=0)
ike_alg_register_hash(): Activating OAKLEY_SHA2_512: Ok (ret=0)
ike_alg_register_prf(): Activating prf-hmac-sha2-512: Ok (ret=0)
ike_alg_register_hash(): Activating OAKLEY_SHA2_256: Ok (ret=0)
ike_alg_register_prf(): Activating prf-hmac-sha2-256: Ok (ret=0)
ike_alg_register_hash(): Activating OAKLEY_SHA1: Ok (ret=0)
ike_alg_register_prf(): Activating prf-hmac-sha1: Ok (ret=0)
ike_alg_register_prf(): Activating prf-hmac-md5: Ok (ret=0)
ike_alg_register_hash(): Activating OAKLEY_MD5: Ok (ret=0)
starting up X cryptographic helpers
Using 'no_kernel' interface code on
Could not change to directory 'moon/cacerts': No such file or directory
Could not change to directory 'moon/aacerts': No such file or directory
Could not change to directory 'moon/ocspcerts': No such file or directory
Could not change to directory 'moon/crls': 2 No such file or directory
  loading certificate from moonCert.pem 
  loaded host cert file 'moon/certs/moonCert.pem' (1411 bytes)
  loading certificate from sunCert.pem 
  loaded host cert file 'moon/certs/sunCert.pem' (1493 bytes)
adding connection: "net-net"
no secrets filename matched "moon.secrets"
Makefile:56: recipe for target 'step5' failed
"net-net": deleting connection
