adjusting ipsec.d to OUTPUT
Starting Pluto (Openswan Version VERSION
LEAK_DETECTIVE support [disabled]
OCF support for IKE [disabled]
SAref support [disabled]: Protocol not available
SAbind support [disabled]: Protocol not available
NSS support [disabled]
HAVE_STATSD notification support not compiled in
Setting NAT-Traversal port-4500 floating to off
   port floating activation criteria nat_t=0/port_float=1
   NAT-Traversal support  [disabled]
ike_alg_register_enc(): Activating OAKLEY_AES_CBC: Ok (ret=0)
ike_alg_register_hash(): Activating OAKLEY_SHA2_512: Ok (ret=0)
ike_alg_register_hash(): Activating OAKLEY_SHA2_256: Ok (ret=0)
starting up X cryptographic helpers
Using 'no_kernel' interface code on
pluto_crypto_helper: helper [nonnss] (X) is exiting normally 
