adjusting ipsec.d to XX
adjusting ipsec.d to XX
Starting Pluto (Openswan Version VERSION
LEAK_DETECTIVE support [disabled]
OCF support for IKE [disabled]
SAref support [disabled]: Protocol not available
SAbind support [disabled]: Protocol not available
HAVE_STATSD notification support not compiled in
Setting NAT-Traversal port-4500 floating to off
   port floating activation criteria nat_t=0/port_float=1
   NAT-Traversal support  [disabled]
ike_alg_register_enc(): Activating OAKLEY_AES_CBC: Ok (ret=0)
ike_alg_register_hash(): Activating OAKLEY_SHA2_512: Ok (ret=0)
ike_alg_register_prf(): Activating prf-hmac-sha2-512: Ok (ret=0)
ike_alg_register_hash(): Activating OAKLEY_SHA2_256: Ok (ret=0)
ike_alg_register_prf(): Activating prf-hmac-sha2-256: Ok (ret=0)
ike_alg_register_hash(): Activating OAKLEY_SHA1: Ok (ret=0)
ike_alg_register_prf(): Activating prf-hmac-sha1: Ok (ret=0)
ike_alg_register_hash(): Activating OAKLEY_MD5: Ok (ret=0)
ike_alg_register_prf(): Activating prf-hmac-md5: Ok (ret=0)
starting up X cryptographic helpers
Using 'no_kernel' interface code on
Could not change to directory 'bob/cacerts': No such file or directory
Could not change to directory 'bob/aacerts': No such file or directory
Could not change to directory 'bob/ocspcerts': No such file or directory
Could not change to directory 'bob/crls': 2 No such file or directory
| base debugging = control+controlmore
Debugging changed from none to control+controlmore
| * processed 0 messages from cryptographic helpers 
|  
| *received whack message
000 using kernel interface: noklips
000 using secrets file: bob.secrets
000 link-local addresses are: included
000 %myid = (none)
000 debug control+controlmore
000  
000 virtual_private (%priv):
000 - allowed 0 subnets: 
000 - disallowed 0 subnets: 
000 WARNING: Either virtual_private= is not specified, or there is a syntax 
000          error in that line. 'left/rightsubnet=vhost:%priv' will not work!
000 WARNING: Disallowed subnets in virtual_private= is empty. If you have 
000          private address space in internal use, it should be excluded!
000  
000  
000 algorithm IKE encrypt: id=5, name=OAKLEY_3DES_CBC, blocksize=8, keydeflen=192
000 algorithm IKE encrypt: id=7, name=OAKLEY_AES_CBC, blocksize=16, keydeflen=128
000 algorithm IKE hash: id=1, name=OAKLEY_MD5, hashsize=16
000 algorithm IKE hash: id=2, name=OAKLEY_SHA1, hashsize=20
000 algorithm IKE hash: id=4, name=OAKLEY_SHA2_256, hashsize=32
000 algorithm IKE hash: id=6, name=OAKLEY_SHA2_512, hashsize=64
000 algorithm IKE dh group: id=2, name=OAKLEY_GROUP_MODP1024, bits=1024
000 algorithm IKE dh group: id=5, name=OAKLEY_GROUP_MODP1536, bits=1536
000 algorithm IKE dh group: id=14, name=OAKLEY_GROUP_MODP2048, bits=2048
000 algorithm IKE dh group: id=15, name=OAKLEY_GROUP_MODP3072, bits=3072
000 algorithm IKE dh group: id=16, name=OAKLEY_GROUP_MODP4096, bits=4096
000 algorithm IKE dh group: id=17, name=OAKLEY_GROUP_MODP6144, bits=6144
000 algorithm IKE dh group: id=18, name=OAKLEY_GROUP_MODP8192, bits=8192
000 algorithm IKE dh group: id=22, name=OAKLEY_GROUP_DH22, bits=1024
000 algorithm IKE dh group: id=23, name=OAKLEY_GROUP_DH23, bits=2048
000 algorithm IKE dh group: id=24, name=OAKLEY_GROUP_DH24, bits=2048
000  
000  
000  
| * processed 0 messages from cryptographic helpers 
|  
| *received whack message
