adjusting ipsec.d to XX
Starting Pluto (Openswan Version VERSION
LEAK_DETECTIVE support [disabled]
OCF support for IKE [disabled]
SAref support [disabled]: Protocol not available
SAbind support [disabled]: Protocol not available
NSS support [disabled]
HAVE_STATSD notification support not compiled in
Setting NAT-Traversal port-4500 floating to off
   port floating activation criteria nat_t=0/port_float=1
   NAT-Traversal support  [disabled]
ike_alg_register_enc(): Activating OAKLEY_AES_CBC: Ok (ret=0)
ike_alg_register_hash(): Activating OAKLEY_SHA2_512: Ok (ret=0)
ike_alg_register_hash(): Activating OAKLEY_SHA2_256: Ok (ret=0)
starting up X cryptographic helpers
Using 'no_kernel' interface code on
loaded key: 6DF7 E7A2 B017 2118 6525 1A9E FC30 F603 ADD5 6698
002 loaded key: 6DF7 E7A2 B017 2118 6525 1A9E FC30 F603 ADD5 6698
loaded key: 4B71 7219 5036 2510 E26B 5BFE 0A8D 5261 71C9 948E
002 loaded key: 4B71 7219 5036 2510 E26B 5BFE 0A8D 5261 71C9 948E
adding connection: "gateway--any"
002 adding connection: "gateway--any"
setting rootdir=YY
opening file: ZZ
loading named conns: gateway--any
loaded key: 0A0C F034 36B3 BD76 F701 FDB3 382D 49C9 467C 8BC8
002 loaded key: 0A0C F034 36B3 BD76 F701 FDB3 382D 49C9 467C 8BC8
loaded key: A9AA 8D65 3DB6 D939 2943 917B F17C 2031 68AD BCB3
002 loaded key: A9AA 8D65 3DB6 D939 2943 917B F17C 2031 68AD BCB3
adding connection: "green"
002 adding connection: "green"
setting rootdir=YY
opening file: ZZ
loading named conns: green
"green": deleting connection
"gateway--any": deleting connection
pluto_crypto_helper: helper [nonnss] (X) is exiting normally 
